// Jest Snapshot v1, https://goo.gl/fbAQLP

exports[`Project Card renders properly 1`] = `
ShallowWrapper {
  "length": 1,
  Symbol(enzyme.__root__): [Circular],
  Symbol(enzyme.__unrendered__): <ProjectCard />,
  Symbol(enzyme.__renderer__): Object {
    "batchedUpdates": [Function],
    "getNode": [Function],
    "render": [Function],
    "simulateEvent": [Function],
    "unmount": [Function],
  },
  Symbol(enzyme.__node__): Object {
    "instance": null,
    "key": undefined,
    "nodeType": "class",
    "props": Object {
      "actions": Array [
        <Icon
          type="setting"
/>,
        <Icon
          type="edit"
/>,
        <Icon
          type="ellipsis"
/>,
      ],
      "children": <Unknown
        avatar={
                <Avatar
                        prefixCls="ant-avatar"
                        shape="circle"
                        size="default"
                        src="https://gw.alipayobjects.com/zos/rmsportal/JiqGstEfoWAOHiTxclqi.png"
                />
        }
        description="This is the description"
        title="Card title"
/>,
      "cover": <img
        alt="example"
        src="https://gw.alipayobjects.com/zos/rmsportal/JiqGstEfoWAOHiTxclqi.png"
/>,
      "style": Object {
        "width": 300,
      },
    },
    "ref": null,
    "rendered": Object {
      "instance": null,
      "key": undefined,
      "nodeType": "function",
      "props": Object {
        "avatar": <Avatar
          prefixCls="ant-avatar"
          shape="circle"
          size="default"
          src="https://gw.alipayobjects.com/zos/rmsportal/JiqGstEfoWAOHiTxclqi.png"
/>,
        "description": "This is the description",
        "title": "Card title",
      },
      "ref": null,
      "rendered": null,
      "type": [Function],
    },
    "type": [Function],
  },
  Symbol(enzyme.__nodes__): Array [
    Object {
      "instance": null,
      "key": undefined,
      "nodeType": "class",
      "props": Object {
        "actions": Array [
          <Icon
            type="setting"
/>,
          <Icon
            type="edit"
/>,
          <Icon
            type="ellipsis"
/>,
        ],
        "children": <Unknown
          avatar={
                    <Avatar
                              prefixCls="ant-avatar"
                              shape="circle"
                              size="default"
                              src="https://gw.alipayobjects.com/zos/rmsportal/JiqGstEfoWAOHiTxclqi.png"
                    />
          }
          description="This is the description"
          title="Card title"
/>,
        "cover": <img
          alt="example"
          src="https://gw.alipayobjects.com/zos/rmsportal/JiqGstEfoWAOHiTxclqi.png"
/>,
        "style": Object {
          "width": 300,
        },
      },
      "ref": null,
      "rendered": Object {
        "instance": null,
        "key": undefined,
        "nodeType": "function",
        "props": Object {
          "avatar": <Avatar
            prefixCls="ant-avatar"
            shape="circle"
            size="default"
            src="https://gw.alipayobjects.com/zos/rmsportal/JiqGstEfoWAOHiTxclqi.png"
/>,
          "description": "This is the description",
          "title": "Card title",
        },
        "ref": null,
        "rendered": null,
        "type": [Function],
      },
      "type": [Function],
    },
  ],
  Symbol(enzyme.__options__): Object {
    "adapter": ReactSixteenAdapter {
      "options": Object {
        "enableComponentDidUpdateOnSetState": true,
      },
    },
    "disableLifecycleMethods": true,
  },
}
`;
